STEP 1: Creating new game
Login status: 200

STEP 2: Getting world map
Map status: 200
Regions count: 21

=== 新手村 (day1) ===
Levels: 13
  OK - 第1题
  OK - 第2题
  OK - 第3题
  OK - 第4题
  OK - 第5题
  OK - 第6题
  OK - 第7题
  OK - 第8题
  OK - 第9题
  OK - 第10题
  OK - 第11题
  OK - 第12题
  OK - 第13题

=== 变量森林 (day2) ===
Levels: 13
  OK - 第1题
  OK - 第2题
  OK - 第3题
  OK - 第4题
  OK - 第5题
  OK - 第6题
  OK - 第7题
  OK - 第8题
  OK - 第9题
  OK - 第10题
  OK - 第11题
  OK - 第12题
  OK - 第13题

=== 数据洞穴 (day3) ===
Levels: 30
  OK - 第1题
  OK - 第2题
  OK - 第3题
  OK - 第4题
  OK - 第5题
  OK - 第6题
  OK - 第7题
  OK - 第8题
  OK - 第9题
  OK - 第10题
  OK - 第11题
  OK - 第12题
  OK - 第13题
  OK - 第14题
  OK - 第15题
  OK - 第16题
  OK - 第17题
  OK - 第18题
  OK - 第19题
  OK - 第20题
  OK - 第21题
  OK - 第22题
  OK - 第23题
  OK - 第24题
  OK - 第25题
  OK - 第26题
  OK - 第27题
  OK - 第28题
  OK - 第29题
  OK - 第30题

=== 条件城堡 (day4) ===
Levels: 42
  OK - 第1题
  OK - 第2题
  OK - 第3题
  OK - 第4题
  ERROR - Submit failed: 500
  OK - 第6题
  OK - 第7题
  OK - 第8题
  OK - 第9题
  OK - 第10题
  OK - 第11题
  OK - 第12题
  OK - 第13题
  OK - 第14题
  OK - 第15题
  OK - 第16题
  OK - 第17题
  OK - 第18题
  OK - 第19题
  OK - 第20题
  OK - 第21题
  OK - 第22题
  OK - 第23题
  OK - 第24题
  OK - 第25题
  OK - 第26题
  OK - 第27题
  OK - 第28题
  OK - 第29题
  OK - 第30题
  OK - 第31题
  OK - 第32题
  OK - 第33题
  OK - 第34题
  OK - 第35题
  OK - 第36题
  OK - 第37题
  OK - 第38题
  OK - 第39题
  OK - 第40题
  OK - 第41题
  OK - 第42题

=== 循环山脉 (day5) ===
Levels: 16
  OK - 第1题
  OK - 第2题
  OK - 第3题
  OK - 第4题
  OK - 第5题
  OK - 第6题
  OK - 第7题
  OK - 第8题
  OK - 第9题
  OK - 第10题
  OK - 第11题
  OK - 第12题
  OK - 第13题
  OK - 第14题
  OK - 第15题
  OK - 第16题

=== 列表森林 (day6) ===
Levels: 8
  OK - 第1题
  OK - 第2题
  OK - 第3题
  OK - 第4题
  OK - 第5题
  OK - 第6题
  OK - 第7题
  OK - 第8题

=== 集合岛屿 (day7) ===
Levels: 9
  OK - 第1题
  OK - 第2题
  OK - 第3题
  OK - 第4题
  OK - 第5题
  OK - 第6题
  OK - 第7题
  OK - 第8题
  OK - 第9题

=== 函数殿堂 (day8) ===
Levels: 21
  OK - 第1题
  OK - 第2题
  OK - 第3题
  OK - 第4题
  OK - 第5题
  OK - 第6题
  OK - 第7题
  OK - 第8题
  OK - 第9题
  ERROR - Submit failed: 500
  OK - 第11题
  OK - 第12题
  OK - 第13题
  OK - 第14题
  OK - 第15题
  OK - 第16题
  OK - 第17题
  OK - 第18题
  OK - 第19题
  OK - 第20题
  OK - 第21题

=== 迭代器谷 (day9) ===
Levels: 14
  OK - 第1题
  OK - 第2题
  OK - 第3题
  OK - 第4题
  OK - 第5题
  OK - 第6题
  OK - 第7题
  OK - 第8题
  OK - 第9题
  OK - 第10题
  OK - 第11题
  OK - 第12题
  OK - 第13题
  OK - 第14题

=== 字典王国 (day10) ===
Levels: 21
  OK - 第1题
  OK - 第2题
  OK - 第3题
  OK - 第4题
  OK - 第5题
  OK - 第6题
  OK - 第7题
  OK - 第8题
  OK - 第9题
  OK - 第10题
  OK - 第11题
  OK - 第12题
  OK - 第13题
  OK - 第14题
  OK - 第15题
  OK - 第16题
  OK - 第17题
  OK - 第18题
  OK - 第19题
  OK - 第20题
  OK - 第21题

=== 函数进阶 (day11) ===
Levels: 4
  OK - 第1题
  OK - 第2题
  OK - 第3题
  OK - 第4题

=== 函数深化 (day12) ===
Levels: 30
  OK - 第1题
  OK - 第2题
  OK - 第3题
  OK - 第4题
  OK - 第5题
  OK - 第6题
  OK - 第7题
  OK - 第8题
  OK - 第9题
  OK - 第10题
  OK - 第11题
  OK - 第12题
  OK - 第13题
  OK - 第14题
  OK - 第15题
  OK - 第16题
  OK - 第17题
  OK - 第18题
  OK - 第19题
  OK - 第20题
  OK - 第21题
  OK - 第22题
  OK - 第23题
  OK - 第24题
  OK - 第25题
  OK - 第26题
  OK - 第27题
  OK - 第28题
  OK - 第29题
  OK - 第30题

=== 面向对象 (day13) ===
Levels: 41
  OK - 第1题
  OK - 第2题
  OK - 第3题
  OK - 第4题
  OK - 第5题
  OK - 第6题
  OK - 第7题
  OK - 第8题
  OK - 第9题
  OK - 第10题
  OK - 第11题
  OK - 第12题
  OK - 第13题
  OK - 第14题
  OK - 第15题
  OK - 第16题
  OK - 第17题
  OK - 第18题
  OK - 第19题
  OK - 第20题
  OK - 第21题
  OK - 第22题
  OK - 第23题
  OK - 第24题
  OK - 第25题
  OK - 第26题
  OK - 第27题
  OK - 第28题
  OK - 第29题
  OK - 第30题
  OK - 第31题
  OK - 第32题
  OK - 第33题
  OK - 第34题
  OK - 第35题
  OK - 第36题
  OK - 第37题
  OK - 第38题
  OK - 第39题
  OK - 第40题
  OK - 第41题

=== 继承之城 (day14) ===
Levels: 18
  OK - 第1题
  OK - 第2题
  OK - 第3题
  OK - 第4题
  OK - 第5题
  OK - 第6题
  OK - 第7题
  OK - 第8题
  OK - 第9题
  OK - 第10题
  OK - 第11题
  OK - 第12题
  OK - 第13题
  OK - 第14题
  OK - 第15题
  OK - 第16题
  OK - 第17题
  OK - 第18题

=== 多态之塔 (day15) ===
Levels: 19
  OK - 第1题
  OK - 第2题
  OK - 第3题
  OK - 第4题
  OK - 第5题
  OK - 第6题
  OK - 第7题
  OK - 第8题
  OK - 第9题
  OK - 第10题
  OK - 第11题
  OK - 第12题
  OK - 第13题
  OK - 第14题
  OK - 第15题
  OK - 第16题
  OK - 第17题
  OK - 第18题
  OK - 第19题

=== 魔法之屋 (day16) ===
Levels: 8
  OK - 第1题
  OK - 第2题
  OK - 第3题
  OK - 第4题
  OK - 第5题
  OK - 第6题
  OK - 第7题
  OK - 第8题

=== 单例秘境 (day17) ===
Levels: 12
  OK - 第1题
  OK - 第2题
  OK - 第3题
  OK - 第4题
  OK - 第5题
  OK - 第6题
  OK - 第7题
  OK - 第8题
  OK - 第9题
  OK - 第10题
  OK - 第11题
  OK - 第12题

=== 文件港湾 (day18) ===
Levels: 4
  OK - 第1题
  OK - 第2题
  OK - 第3题
  OK - 第4题

=== 正则海域 (day19) ===
Levels: 38
  OK - 第1题
  OK - 第2题
  OK - 第3题
  OK - 第4题
  OK - 第5题
  OK - 第6题
  OK - 第7题
  OK - 第8题
  OK - 第9题
  OK - 第10题
  OK - 第11题
  OK - 第12题
  OK - 第13题
  OK - 第14题
  OK - 第15题
  OK - 第16题
  OK - 第17题
  OK - 第18题
  OK - 第19题
  OK - 第20题
  OK - 第21题
  OK - 第22题
  OK - 第23题
  OK - 第24题
  OK - 第25题
  OK - 第26题
  OK - 第27题
  OK - 第28题
  OK - 第29题
  OK - 第30题
  OK - 第31题
  OK - 第32题
  OK - 第33题
  OK - 第34题
  OK - 第35题
  OK - 第36题
  OK - 第37题
  OK - 第38题

=== 装饰器峰 (day20) ===
Levels: 37
  OK - 第1题
  OK - 第2题
  OK - 第3题
  OK - 第4题
  OK - 第5题
  OK - 第6题
  OK - 第7题
  OK - 第8题
  OK - 第9题
  OK - 第10题
  OK - 第11题
  OK - 第12题
  OK - 第13题
  OK - 第14题
  OK - 第15题
  OK - 第16题
  OK - 第17题
  OK - 第18题
  OK - 第19题
  OK - 第20题
  OK - 第21题
  OK - 第22题
  OK - 第23题
  OK - 第24题
  OK - 第25题
  OK - 第26题
  OK - 第27题
  OK - 第28题
  OK - 第29题
  OK - 第30题
  OK - 第31题
  OK - 第32题
  OK - 第33题
  OK - 第34题
  OK - 第35题
  OK - 第36题
  OK - 第37题

=== Bug巢穴 (day21) ===
Levels: 80
  OK - 第1题
  OK - 第2题
  OK - 第3题
  OK - 第4题
  OK - 第5题
  OK - 第6题
  OK - 第7题
  OK - 第8题
  OK - 第9题
  OK - 第10题
  OK - 第11题
  OK - 第12题
  OK - 第13题
  OK - 第14题
  OK - 第15题
  OK - 第16题
  OK - 第17题
  OK - 第18题
  OK - 第19题
  OK - 第20题
  OK - 第21题
  OK - 第22题
  OK - 第23题
  OK - 第24题
  OK - 第25题
  OK - 第26题
  OK - 第27题
  OK - 第28题
  OK - 第29题
  OK - 第30题
  OK - 第31题
  OK - 第32题
  OK - 第33题
  OK - 第34题
  OK - 第35题
  OK - 第36题
  OK - 第37题
  OK - 第38题
  OK - 第39题
  OK - 第40题
  OK - 第41题
  OK - 第42题
  OK - 第43题
  OK - 第44题
  OK - 第45题
  OK - 第46题
  OK - 第47题
  OK - 第48题
  OK - 第49题
  OK - 第50题
  OK - 第51题
  OK - 第52题
  OK - 第53题
  OK - 第54题
  OK - 第55题
  ERROR - Submit failed: 500
  OK - 第57题
  OK - 第58题
  OK - 第59题
  OK - 第60题
  OK - 第61题
  ERROR - Submit failed: 500
  OK - 第63题
  OK - 第64题
  OK - 第65题
  OK - 第66题
  OK - 第67题
  OK - 第68题
  ERROR - Submit failed: 500
  OK - 第70题
  OK - 第71题
  ERROR - Submit failed: 500
  OK - 第73题
  OK - 第74题
  OK - 第75题
  OK - 第76题
  OK - 第77题
  OK - 第78题
  OK - 第79题
  OK - 第80题

=== RESULTS ===
Total: 478
Passed: 472
Failed: 6
